error: conflicting map keyword
 --> $DIR/conflicting_keyword_map.rs:6:23
  |
6 |     #[br(map = |_| 0, try_map = |_| Ok(0))]
  |                       ^^^^^^^
