error: conflicting error handling keyword
 --> $DIR/conflicting_keyword_enum_error_mode.rs:5:25
  |
5 | #[br(return_all_errors, return_unexpected_error)]
  |                         ^^^^^^^^^^^^^^^^^^^^^^^
