error[E0308]: mismatched types
 --> $DIR/invalid_if_condition.rs:6:13
  |
6 |     #[br(if("wrong type"))]
  |             ^^^^^^^^^^^^ expected `bool`, found `&str`
