error: conflicting magic types; expected u8
 --> $DIR/magic_conflict.rs:6:18
  |
6 |       #[br(magic = 0u8)] A,
  |  __________________^
7 | |     #[br(magic = 1i16)] B,
  | |_____________________^
