error: must not be a tuple-style field
 --> $DIR/named_args_unsupported_tuple_struct.rs:5:14
  |
5 | struct Tuple(u32, String);
  |              ^^^
