error: unions are not supported
 --> $DIR/unsupported_type_union.rs:5:1
  |
5 | / union Foo {
6 | |     a: i32,
7 | | }
  | |_^

error: unions are not supported
  --> $DIR/unsupported_type_union.rs:10:1
   |
10 | / union Bar {
11 | |     a: i32,
12 | | }
   | |_^
